=== 21:18:32 export (tune cases only, golden asserted absent) then train yolo11n-rewind-v2 with hsv_h 0.5
split verified: golden cases ['case_02', 'case_06'] are excluded
  case_01 -> train: 270 frames
  case_03 -> train: 270 frames
  case_04 -> train: 270 frames
  case_05 -> val: 270 frames
exported 1080 frames (56 MB) to data/yolo
labels per class: {'person': 567, 'robot': 645, 'forklift': 93, 'pallet': 183}
descriptor: data/yolo/data.yaml
=== export exit 0
fine-tuning yolo11n.pt -> yolo11n-rewind-v2 for 20 epochs on mps
New https://pypi.org/project/ultralytics/8.4.152 available 😃 Update with 'pip install -U ultralytics'
Ultralytics 8.4.144 🚀 Python-3.12.12 torch-2.14.0 MPS (Apple M4)
engine/trainer: agnostic_nms=False, amp=True, angle=1.0, augment=False, auto_augment=randaugment, batch=16, bgr=0.0, box=7.5, cache=False, cfg=None, channels_last=None, classes=None, close_mosaic=10, cls=0.5, cls_pw=0.0, cls_remap=True, compile=False, conf=None, copy_paste=0.0, copy_paste_mode=flip, cos_lr=False, cutmix=0.0, data=data/yolo/data.yaml, degrees=0.0, deterministic=True, device=mps, dfl=1.5, dgrad=0.5, dis=6.0, distill_model=None, dlam=1.0, dlog=1.0, dnn=False, dropout=0.0, dynamic=False, embed=None, epochs=20, erasing=0.4, exist_ok=True, fliplr=0.5, flipud=0.0, format=torchscript, fraction=1.0, freeze=None, hsv_h=0.5, hsv_s=0.5, hsv_v=0.4, imgsz=640, iou=0.7, keras=False, kobj=1.0, line_width=None, lr0=0.01, lrf=0.01, mask_ratio=4, max_det=300, mixup=0.0, mode=train, model=yolo11n.pt, momentum=0.937, mosaic=1.0, multi_scale=0.0, name=yolo11n-rewind-v2, nbs=64, nms=None, opset=None, optimize=False, optimizer=auto, overlap_mask=True, patience=100, perspective=0.0, plots=True, pose=12.0, pretrained=True, profile=False, project=/Users/adityasingh/codes/Rewind/artifacts/training-runs, quantize=None, rect=False, resume=False, retina_masks=False, rle=1.0, save=True, save_conf=False, save_crop=False, save_dir=/Users/adityasingh/codes/Rewind/artifacts/training-runs/yolo11n-rewind-v2, save_frames=False, save_json=False, save_period=-1, save_txt=False, scale=0.5, seed=0, shear=0.0, show=False, show_boxes=True, show_conf=True, show_labels=True, simplify=True, single_cls=False, source=None, split=val, stream_buffer=False, task=detect, time=None, tracker=tracktrack.yaml, translate=0.1, val=True, verbose=False, vid_stride=1, visualize=False, warmup_bias_lr=0.1, warmup_epochs=3.0, warmup_momentum=0.8, weight_decay=0.0005, workers=8, workspace=None
Overriding model.yaml nc=80 with nc=4
                   from  n    params  module                                       arguments                     
  0                  -1  1       464  ultralytics.nn.modules.conv.Conv             [3, 16, 3, 2]                 
  1                  -1  1      4672  ultralytics.nn.modules.conv.Conv             [16, 32, 3, 2]                
  2                  -1  1      6640  ultralytics.nn.modules.block.C3k2            [32, 64, 1, False, 0.25]      
  3                  -1  1     36992  ultralytics.nn.modules.conv.Conv             [64, 64, 3, 2]                
  4                  -1  1     26080  ultralytics.nn.modules.block.C3k2            [64, 128, 1, False, 0.25]     
  5                  -1  1    147712  ultralytics.nn.modules.conv.Conv             [128, 128, 3, 2]              
  6                  -1  1     87040  ultralytics.nn.modules.block.C3k2            [128, 128, 1, True]           
  7                  -1  1    295424  ultralytics.nn.modules.conv.Conv             [128, 256, 3, 2]              
  8                  -1  1    346112  ultralytics.nn.modules.block.C3k2            [256, 256, 1, True]           
  9                  -1  1    164608  ultralytics.nn.modules.block.SPPF            [256, 256, 5]                 
 10                  -1  1    249728  ultralytics.nn.modules.block.C2PSA           [256, 256, 1]                 
 11                  -1  1         0  torch.nn.modules.upsampling.Upsample         [None, 2, 'nearest']          
 12             [-1, 6]  1         0  ultralytics.nn.modules.conv.Concat           [1]                           
 13                  -1  1    111296  ultralytics.nn.modules.block.C3k2            [384, 128, 1, False]          
 14                  -1  1         0  torch.nn.modules.upsampling.Upsample         [None, 2, 'nearest']          
 15             [-1, 4]  1         0  ultralytics.nn.modules.conv.Concat           [1]                           
 16                  -1  1     32096  ultralytics.nn.modules.block.C3k2            [256, 64, 1, False]           
 17                  -1  1     36992  ultralytics.nn.modules.conv.Conv             [64, 64, 3, 2]                
 18            [-1, 13]  1         0  ultralytics.nn.modules.conv.Concat           [1]                           
 19                  -1  1     86720  ultralytics.nn.modules.block.C3k2            [192, 128, 1, False]          
 20                  -1  1    147712  ultralytics.nn.modules.conv.Conv             [128, 128, 3, 2]              
 21            [-1, 10]  1         0  ultralytics.nn.modules.conv.Concat           [1]                           
 22                  -1  1    378880  ultralytics.nn.modules.block.C3k2            [384, 256, 1, True]           
 23        [16, 19, 22]  1    431452  ultralytics.nn.modules.head.Detect           [4, 16, None, [64, 128, 256]] 
YOLO11n summary: 181 layers, 2,590,620 parameters, 2,590,604 gradients, 6.5 GFLOPs
Remapped 1/4 cls head rows from pretrained weights by class name
Transferred 451/499 items from pretrained weights
Freezing layer 'model.23.dfl.conv.weight'
train: Fast image access ✅ (ping: 0.0±0.0 ms, read: 2052.4±587.6 MB/s, size: 51.2 KB)
train: New cache created: /Users/adityasingh/codes/Rewind/data/yolo/labels/train.cache
val: Fast image access ✅ (ping: 0.0±0.0 ms, read: 1948.6±209.5 MB/s, size: 48.3 KB)
val: New cache created: /Users/adityasingh/codes/Rewind/data/yolo/labels/val.cache
optimizer: 'optimizer=auto' found, ignoring 'lr0=0.01' and 'momentum=0.937' and determining best 'optimizer', 'lr0' and 'momentum' automatically... 
optimizer: AdamW(lr=0.00125, momentum=0.9) with parameter groups 81 weight(decay=0.0), 88 weight(decay=0.0005), 87 bias(decay=0.0)
Plotting labels to /Users/adityasingh/codes/Rewind/artifacts/training-runs/yolo11n-rewind-v2/labels.jpg... 
Using 810 train, 270 val images for fraction=1.0 at imgsz=640
Using 0 dataloader workers
Logging results to /Users/adityasingh/codes/Rewind/artifacts/training-runs/yolo11n-rewind-v2
Starting training for 20 epochs...
      Epoch    GPU_mem   box_loss   cls_loss   dfl_loss  Instances       Size
[K       1/20      4.24G      1.276      4.524          1         39        640: 0% ──────────── 0/51  1.5s
[K       1/20      4.24G      1.333      4.493      1.002         49        640: 1% ──────────── 1/51 2.8s/it 2.3s<2:22
[K       1/20      4.24G      1.289      4.399     0.9953         50        640: 3% ──────────── 2/51 1.6s/it 3.1s<1:18
[K       1/20      4.24G      1.294       4.53     0.9822         30        640: 5% ╸─────────── 3/51 1.2s/it 3.9s<56.8s
[K       1/20      4.24G       1.24      4.494     0.9711         38        640: 7% ╸─────────── 4/51 1.0s/it 4.6s<47.8s
                   all        270        290    0.00531      0.715      0.343      0.272
      Epoch    GPU_mem   box_loss   cls_loss   dfl_loss  Instances       Size
[K       2/20      4.27G     0.6203      1.725     0.8119         44        640: 0% ──────────── 0/51  0.9s
[K       2/20      4.27G     0.6145      1.702     0.8481         40        640: 1% ──────────── 1/51 2.5s/it 1.7s<2:06
[K       2/20      4.27G     0.6144      1.744     0.8347         36        640: 3% ──────────── 2/51 1.5s/it 2.5s<1:14
[K       2/20      5.27G     0.6033      1.762     0.8321         37        640: 5% ╸─────────── 3/51 1.2s/it 3.3s<59.9s
[K       2/20      5.27G     0.6144      1.727     0.8324         48        640: 7% ╸─────────── 4/51 1.0s/it 4.1s<49.3s
                   all        270        290          1      0.181      0.968      0.809
      Epoch    GPU_mem   box_loss   cls_loss   dfl_loss  Instances       Size
[K       3/20      4.27G     0.5926      1.353     0.8969         44        640: 0% ──────────── 0/51  0.8s
[K       3/20      4.27G     0.5547      1.355     0.8648         41        640: 1% ──────────── 1/51 2.6s/it 1.6s<2:08
[K       3/20      4.27G       0.57       1.33     0.8559         44        640: 3% ──────────── 2/51 1.5s/it 2.4s<1:14
[K       3/20      4.27G     0.5632      1.349     0.8532         35        640: 5% ╸─────────── 3/51 1.2s/it 3.2s<57.4s
[K       3/20      4.27G     0.5772       1.35     0.8499         46        640: 7% ╸─────────── 4/51 1.1s/it 4.0s<49.9s
[K       3/20      5.26G     0.5893      1.319     0.8509         39        640: 43% ━━━━━─────── 22/51 1.0s/it 20.7s<30.0s
[K       3/20      5.26G     0.5885      1.317     0.8503         38        640: 45% ━━━━━─────── 23/51 1.0s/it 21.7s<28.7s
[K       3/20      5.26G      0.588      1.318     0.8507         37        640: 47% ━━━━━╸────── 24/51 1.0s/it 22.7s<27.2s
                   all        270        290      0.996      0.901       0.97      0.833
      Epoch    GPU_mem   box_loss   cls_loss   dfl_loss  Instances       Size
[K       4/20      4.26G     0.6573      1.221     0.8441         58        640: 0% ──────────── 0/51  0.9s
[K       4/20      4.27G     0.6406      1.177     0.8519         54        640: 1% ──────────── 1/51 3.5s/it 1.9s<2:57
[K       4/20      4.27G      0.613      1.121     0.8428         54        640: 3% ──────────── 2/51 2.2s/it 3.1s<1:50
[K       4/20      4.27G     0.5963      1.129     0.8531         36        640: 5% ╸─────────── 3/51 1.6s/it 4.1s<1:19
[K       4/20      4.26G     0.5768      1.099     0.8519         53        640: 7% ╸─────────── 4/51 1.4s/it 5.1s<1:03
[K       4/20      4.26G     0.5845      1.098      0.855         53        640: 9% ━─────────── 5/51 1.2s/it 6.0s<54.8s
[K       4/20      4.26G     0.5705      1.096     0.8485         42        640: 11% ━─────────── 6/51 1.1s/it 6.9s<48.9s
[K       4/20      4.26G     0.5622      1.095     0.8445         38        640: 13% ━╸────────── 7/51 1.0s/it 7.9s<46.0s
[K       4/20      4.26G     0.5534      1.082     0.8451         48        640: 15% ━╸────────── 8/51 1.0s/it 8.9s<44.0s
[K       4/20      4.26G     0.5466      1.067     0.8453         55        640: 17% ━━────────── 9/51 1.0s/it 9.8s<42.3s
                   all        270        290      0.985      0.968      0.989      0.857
      Epoch    GPU_mem   box_loss   cls_loss   dfl_loss  Instances       Size
[K       5/20      4.28G     0.5535     0.9791     0.8736         53        640: 0% ──────────── 0/51  0.9s
[K       5/20      4.28G     0.5401     0.9937     0.8423         36        640: 1% ──────────── 1/51 3.2s/it 1.8s<2:38
[K       5/20      4.29G      0.528      0.979     0.8504         56        640: 3% ──────────── 2/51 2.0s/it 2.9s<1:36
[K       5/20      5.29G     0.5229     0.9518     0.8427         48        640: 5% ╸─────────── 3/51 1.5s/it 3.8s<1:12
[K       5/20      5.29G     0.5099     0.9411     0.8419         46        640: 7% ╸─────────── 4/51 1.3s/it 4.8s<1:02
[K       5/20      5.29G     0.5135     0.9473      0.845         49        640: 9% ━─────────── 5/51 1.2s/it 5.8s<54.4s
[K       5/20      5.29G     0.5098     0.9563     0.8495         43        640: 11% ━─────────── 6/51 1.1s/it 6.7s<49.3s
[K       5/20      5.29G     0.5187     0.9895     0.8507         36        640: 13% ━╸────────── 7/51 1.0s/it 7.7s<45.7s
[K       5/20      5.29G     0.5301     0.9892     0.8548         40        640: 15% ━╸────────── 8/51 1.0s/it 8.6s<43.1s
                   all        270        290      0.998      0.981      0.993      0.903
      Epoch    GPU_mem   box_loss   cls_loss   dfl_loss  Instances       Size
[K       6/20      4.25G     0.4616     0.8616     0.8725         39        640: 0% ──────────── 0/51  0.9s
[K       6/20      4.25G     0.4557     0.8094     0.8351         49        640: 1% ──────────── 1/51 2.7s/it 1.7s<2:16
[K       6/20      4.25G     0.4844     0.8454     0.8379         38        640: 3% ──────────── 2/51 1.7s/it 2.6s<1:22
[K       6/20      4.26G     0.4783     0.8497     0.8416         44        640: 5% ╸─────────── 3/51 1.3s/it 3.5s<1:05
[K       6/20      4.26G     0.4919     0.8461     0.8438         42        640: 7% ╸─────────── 4/51 1.2s/it 4.4s<54.8s
[K       6/20      4.25G     0.4863     0.8443     0.8384         38        640: 9% ━─────────── 5/51 1.1s/it 5.2s<48.5s
                   all        270        290      0.991       0.97      0.985      0.885
      Epoch    GPU_mem   box_loss   cls_loss   dfl_loss  Instances       Size
[K       7/20       4.3G     0.4334     0.6676     0.8086         56        640: 0% ──────────── 0/51  0.8s
[K       7/20       4.3G     0.4281     0.6855     0.8117         42        640: 1% ──────────── 1/51 2.8s/it 1.7s<2:20
[K       7/20       4.3G      0.443      0.732     0.8296         40        640: 3% ──────────── 2/51 1.7s/it 2.6s<1:24
[K       7/20       4.3G     0.4747     0.7626     0.8638         41        640: 5% ╸─────────── 3/51 1.3s/it 3.5s<1:05
[K       7/20       4.3G     0.4642      0.757     0.8569         54        640: 7% ╸─────────── 4/51 1.2s/it 4.4s<54.5s
[K       7/20      4.29G     0.4659     0.7596      0.844         50        640: 9% ━─────────── 5/51 1.0s/it 5.2s<47.9s
                   all        270        290      0.999      0.983       0.99      0.911
      Epoch    GPU_mem   box_loss   cls_loss   dfl_loss  Instances       Size
[K       8/20      4.26G     0.3735     0.6528     0.8113         43        640: 0% ──────────── 0/51  0.8s
[K       8/20      4.27G     0.4194     0.6871     0.8206         60        640: 1% ──────────── 1/51 2.8s/it 1.7s<2:18
[K       8/20      4.27G     0.4908     0.7434     0.8157         37        640: 3% ──────────── 2/51 1.7s/it 2.5s<1:22
[K       8/20      4.27G     0.4954     0.7293     0.8162         70        640: 5% ╸─────────── 3/51 1.3s/it 3.4s<1:03
[K       8/20      4.27G     0.4822      0.734     0.8179         37        640: 7% ╸─────────── 4/51 1.1s/it 4.3s<53.1s
[K       8/20      4.26G     0.4793     0.7306     0.8196         37        640: 9% ━─────────── 5/51 1.0s/it 5.1s<47.1s
                   all        270        290      0.999      0.981      0.994       0.93
      Epoch    GPU_mem   box_loss   cls_loss   dfl_loss  Instances       Size
[K       9/20      4.28G     0.4168     0.6895     0.8339         45        640: 0% ──────────── 0/51  0.8s
[K       9/20      4.28G     0.3948     0.6324     0.8201         51        640: 1% ──────────── 1/51 2.5s/it 1.5s<2:06
[K       9/20      4.29G     0.4204     0.6736     0.8422         38        640: 3% ──────────── 2/51 1.5s/it 2.3s<1:15
[K       9/20      4.29G     0.4129     0.6689     0.8289         48        640: 5% ╸─────────── 3/51 1.2s/it 3.1s<57.7s
[K       9/20      4.29G     0.4248     0.6687     0.8354         46        640: 7% ╸─────────── 4/51 1.0s/it 3.9s<49.3s
                   all        270        290      0.997      0.973      0.987      0.922
      Epoch    GPU_mem   box_loss   cls_loss   dfl_loss  Instances       Size
[K      10/20      4.25G     0.3355     0.5062     0.8133         45        640: 0% ──────────── 0/51  1.1s
[K      10/20      4.25G      0.345     0.5504     0.8189         40        640: 1% ──────────── 1/51 2.5s/it 1.9s<2:07
[K      10/20      4.25G     0.3431     0.5362     0.8153         50        640: 3% ──────────── 2/51 1.5s/it 2.7s<1:16
[K      10/20      5.26G     0.3424     0.5354     0.8142         42        640: 5% ╸─────────── 3/51 1.3s/it 3.7s<1:03
[K      10/20      5.26G     0.3617     0.5501     0.8063         41        640: 7% ╸─────────── 4/51 1.1s/it 4.5s<52.1s
                   all        270        290      0.995      0.975      0.988      0.947
Closing dataloader mosaic
      Epoch    GPU_mem   box_loss   cls_loss   dfl_loss  Instances       Size
[K      11/20       4.3G      0.417     0.7299     0.8385         23        640: 0% ──────────── 0/51  0.8s
[K      11/20       4.3G     0.4008     0.6874     0.8129         25        640: 1% ──────────── 1/51 2.5s/it 1.5s<2:05
[K      11/20       4.3G     0.3942     0.6617     0.8088         25        640: 3% ──────────── 2/51 1.5s/it 2.3s<1:13
[K      11/20       4.3G      0.385     0.6763     0.8003         19        640: 5% ╸─────────── 3/51 1.2s/it 3.1s<56.3s
[K      11/20       4.3G     0.3712     0.6637     0.7969         21        640: 7% ╸─────────── 4/51 1.0s/it 3.9s<48.6s
                   all        270        290      0.999      0.981      0.994      0.926
      Epoch    GPU_mem   box_loss   cls_loss   dfl_loss  Instances       Size
[K      12/20      4.25G     0.3868     0.6135     0.8437         26        640: 0% ──────────── 0/51  0.8s
[K      12/20      4.26G     0.3466     0.5714     0.8181         27        640: 1% ──────────── 1/51 2.5s/it 1.5s<2:03
[K      12/20      4.26G     0.3462     0.5551     0.8218         34        640: 3% ──────────── 2/51 1.5s/it 2.3s<1:12
[K      12/20      4.26G     0.3629     0.5765     0.8139         24        640: 5% ╸─────────── 3/51 1.2s/it 3.0s<55.6s
[K      12/20      4.26G     0.3605     0.5969      0.818         16        640: 7% ╸─────────── 4/51 1.0s/it 3.8s<47.2s
                   all        270        290      0.997      0.987      0.994      0.953
      Epoch    GPU_mem   box_loss   cls_loss   dfl_loss  Instances       Size
[K      13/20      4.29G     0.3275      0.531     0.8284         22        640: 0% ──────────── 0/51  0.7s
[K      13/20      4.29G      0.308     0.5453     0.8276         16        640: 1% ──────────── 1/51 2.4s/it 1.5s<1:59
[K      13/20      4.29G     0.3273     0.5389     0.8209         29        640: 3% ──────────── 2/51 1.4s/it 2.2s<1:10
[K      13/20      4.29G     0.3402     0.5341     0.8149         26        640: 5% ╸─────────── 3/51 1.1s/it 2.9s<53.8s
                   all        270        290      0.999      0.986      0.995       0.96
      Epoch    GPU_mem   box_loss   cls_loss   dfl_loss  Instances       Size
[K      14/20      4.25G      0.348     0.5027        0.8         26        640: 0% ──────────── 0/51  0.7s
[K      14/20      4.25G      0.324      0.535     0.8219         16        640: 1% ──────────── 1/51 2.4s/it 1.5s<1:59
[K      14/20      4.25G     0.3243     0.5283     0.8238         23        640: 3% ──────────── 2/51 1.4s/it 2.2s<1:10
[K      14/20      4.26G     0.3295     0.5277     0.8168         28        640: 5% ╸─────────── 3/51 1.1s/it 2.9s<53.6s
                   all        270        290          1      0.992      0.995      0.973
      Epoch    GPU_mem   box_loss   cls_loss   dfl_loss  Instances       Size
[K      15/20      4.26G     0.3083      0.474     0.8387         20        640: 0% ──────────── 0/51  0.8s
[K      15/20      4.26G     0.3292     0.4772     0.8097         26        640: 1% ──────────── 1/51 2.5s/it 1.5s<2:03
[K      15/20      4.26G     0.3801     0.5053     0.8087         21        640: 3% ──────────── 2/51 1.4s/it 2.2s<1:10
[K      15/20      4.26G     0.3541     0.5027     0.8062         18        640: 5% ╸─────────── 3/51 1.1s/it 3.0s<53.2s
                   all        270        290      0.996      0.986      0.993      0.976
      Epoch    GPU_mem   box_loss   cls_loss   dfl_loss  Instances       Size
[K      16/20      4.25G     0.3207     0.4521     0.8072         31        640: 0% ──────────── 0/51  0.7s
[K      16/20      4.26G     0.3015     0.4565     0.7847         25        640: 1% ──────────── 1/51 2.3s/it 1.5s<1:57
[K      16/20      4.26G     0.2975     0.4579     0.7978         22        640: 3% ──────────── 2/51 1.4s/it 2.2s<1:08
[K      16/20      4.26G     0.2825     0.4476     0.8047         21        640: 5% ╸─────────── 3/51 1.1s/it 2.9s<52.2s
                   all        270        290      0.999      0.987      0.994      0.962
      Epoch    GPU_mem   box_loss   cls_loss   dfl_loss  Instances       Size
[K      17/20      4.28G     0.2384     0.4233     0.7886         18        640: 0% ──────────── 0/51  0.7s
[K      17/20      4.28G     0.2922     0.4472     0.7923         29        640: 1% ──────────── 1/51 2.3s/it 1.4s<1:54
[K      17/20      4.29G      0.294     0.4428     0.7743         25        640: 3% ──────────── 2/51 1.4s/it 2.1s<1:08
[K      17/20      4.29G     0.3043     0.4595     0.7847         25        640: 5% ╸─────────── 3/51 1.1s/it 2.9s<52.2s
                   all        270        290      0.999      0.987      0.994      0.953
      Epoch    GPU_mem   box_loss   cls_loss   dfl_loss  Instances       Size
[K      18/20      4.24G       0.24     0.4314     0.7816         20        640: 0% ──────────── 0/51  0.8s
[K      18/20      4.24G     0.2323     0.4018     0.7707         19        640: 1% ──────────── 1/51 2.5s/it 1.5s<2:04
[K      18/20      4.24G     0.2743     0.4235     0.7735         27        640: 3% ──────────── 2/51 1.5s/it 2.3s<1:15
[K      18/20      4.25G     0.2769     0.4223     0.7791         27        640: 5% ╸─────────── 3/51 1.2s/it 3.2s<58.1s
[K      18/20      4.25G     0.2664     0.4229     0.7802         15        640: 7% ╸─────────── 4/51 1.0s/it 3.9s<48.1s
                   all        270        290      0.999      0.987      0.994      0.962
      Epoch    GPU_mem   box_loss   cls_loss   dfl_loss  Instances       Size
[K      19/20      4.28G     0.2223     0.3601     0.8049         19        640: 0% ──────────── 0/51  0.8s
[K      19/20      4.28G     0.2549     0.3842     0.7901         28        640: 1% ──────────── 1/51 2.4s/it 1.5s<2:00
[K      19/20      4.28G     0.2575     0.3947     0.7715         22        640: 3% ──────────── 2/51 1.4s/it 2.2s<1:11
[K      19/20      4.28G     0.2615     0.3957     0.7712         25        640: 5% ╸─────────── 3/51 1.1s/it 3.0s<54.4s
                   all        270        290      0.999      0.986      0.994      0.982
      Epoch    GPU_mem   box_loss   cls_loss   dfl_loss  Instances       Size
[K      20/20      4.24G     0.2416      0.394     0.8113         19        640: 0% ──────────── 0/51  0.8s
[K      20/20      4.25G      0.231     0.3716      0.805         25        640: 1% ──────────── 1/51 2.7s/it 1.6s<2:16
[K      20/20      4.25G     0.2597     0.3827     0.7972         25        640: 3% ──────────── 2/51 1.7s/it 2.6s<1:25
[K      20/20      4.25G     0.2857     0.3899     0.7974         24        640: 5% ╸─────────── 3/51 1.4s/it 3.5s<1:07
[K      20/20      4.25G     0.2841     0.3894     0.7963         25        640: 7% ╸─────────── 4/51 1.2s/it 4.4s<57.2s
[K      20/20      4.25G     0.2782     0.3864     0.8018         25        640: 9% ━─────────── 5/51 1.1s/it 5.3s<49.8s
                   all        270        290      0.999      0.987      0.994       0.96
20 epochs completed in 0.248 hours.
Optimizer stripped from /Users/adityasingh/codes/Rewind/artifacts/training-runs/yolo11n-rewind-v2/weights/last.pt, 5.4MB
Optimizer stripped from /Users/adityasingh/codes/Rewind/artifacts/training-runs/yolo11n-rewind-v2/weights/best.pt, 5.4MB
Validating /Users/adityasingh/codes/Rewind/artifacts/training-runs/yolo11n-rewind-v2/weights/best.pt...
Ultralytics 8.4.144 🚀 Python-3.12.12 torch-2.14.0 MPS (Apple M4)
YOLO11n summary (fused): 100 layers, 2,582,932 parameters, 0 gradients, 6.4 GFLOPs
                   all        270        290      0.999      0.986      0.994      0.982
Speed: 0.1ms preprocess, 1.1ms inference, 0.0ms loss, 4.7ms postprocess per image
Results saved to /Users/adityasingh/codes/Rewind/artifacts/training-runs/yolo11n-rewind-v2
done in 909s
  map50  0.994
  map    0.982
  mp     0.999
  mr     0.986
weights: ml/models/yolo11n-rewind-v2/best.pt
record:  ml/models/yolo11n-rewind-v2/training.json
=== train exit 0 21:33:45
